Copyright 1986-2019 Xilinx, Inc. All Rights Reserved.
-----------------------------------------------------------------------------------------------------------------------------------------------------------------------------------------------------------------
| Tool Version : Vivado v.2019.1 (lin64) Build 2552052 Fri May 24 14:47:09 MDT 2019
| Date         : Thu Mar 11 02:36:04 2021
| Host         : a02321679-4.bluezone.usu.edu running 64-bit unknown
| Command      : report_timing_summary -max_paths 10 -file DoubleSevenSeg_timing_summary_routed.rpt -pb DoubleSevenSeg_timing_summary_routed.pb -rpx DoubleSevenSeg_timing_summary_routed.rpx -warn_on_violation
| Design       : DoubleSevenSeg
| Device       : 7a35t-cpg236
| Speed File   : -1  PRODUCTION 1.23 2018-06-13
-----------------------------------------------------------------------------------------------------------------------------------------------------------------------------------------------------------------

Timing Summary Report

------------------------------------------------------------------------------------------------
| Timer Settings
| --------------
------------------------------------------------------------------------------------------------

  Enable Multi Corner Analysis               :  Yes
  Enable Pessimism Removal                   :  Yes
  Pessimism Removal Resolution               :  Nearest Common Node
  Enable Input Delay Default Clock           :  No
  Enable Preset / Clear Arcs                 :  No
  Disable Flight Delays                      :  No
  Ignore I/O Paths                           :  No
  Timing Early Launch at Borrowing Latches   :  No
  Borrow Time for Max Delay Exceptions       :  Yes

  Corner  Analyze    Analyze    
  Name    Max Paths  Min Paths  
  ------  ---------  ---------  
  Slow    Yes        Yes        
  Fast    Yes        Yes        



check_timing report

Table of Contents
-----------------
1. checking no_clock
2. checking constant_clock
3. checking pulse_width_clock
4. checking unconstrained_internal_endpoints
5. checking no_input_delay
6. checking no_output_delay
7. checking multiple_clock
8. checking generated_clocks
9. checking loops
10. checking partial_input_delay
11. checking partial_output_delay
12. checking latch_loops

1. checking no_clock
--------------------
 There are 0 register/latch pins with no clock.


2. checking constant_clock
--------------------------
 There are 0 register/latch pins with constant_clock.


3. checking pulse_width_clock
-----------------------------
 There are 0 register/latch pins which need pulse_width check


4. checking unconstrained_internal_endpoints
--------------------------------------------
 There are 0 pins that are not constrained for maximum delay.

 There are 0 pins that are not constrained for maximum delay due to constant clock.


5. checking no_input_delay
--------------------------
 There are 0 input ports with no input delay specified.

 There are 0 input ports with no input delay but user has a false path constraint.


6. checking no_output_delay
---------------------------
 There are 9 ports with no output delay specified. (HIGH)

 There are 0 ports with no output delay but user has a false path constraint

 There are 0 ports with no output delay but with a timing clock defined on it or propagating through it


7. checking multiple_clock
--------------------------
 There are 0 register/latch pins with multiple clocks.


8. checking generated_clocks
----------------------------
 There are 0 generated clocks that are not connected to a clock source.


9. checking loops
-----------------
 There are 0 combinational loops in the design.


10. checking partial_input_delay
--------------------------------
 There are 0 input ports with partial input delay specified.


11. checking partial_output_delay
---------------------------------
 There are 0 ports with partial output delay specified.


12. checking latch_loops
------------------------
 There are 0 combinational latch loops in the design through latch input



------------------------------------------------------------------------------------------------
| Design Timing Summary
| ---------------------
------------------------------------------------------------------------------------------------

    WNS(ns)      TNS(ns)  TNS Failing Endpoints  TNS Total Endpoints      WHS(ns)      THS(ns)  THS Failing Endpoints  THS Total Endpoints     WPWS(ns)     TPWS(ns)  TPWS Failing Endpoints  TPWS Total Endpoints  
    -------      -------  ---------------------  -------------------      -------      -------  ---------------------  -------------------     --------     --------  ----------------------  --------------------  
      5.206        0.000                      0                   50        0.263        0.000                      0                   50        4.500        0.000                       0                    27  


All user specified timing constraints are met.


------------------------------------------------------------------------------------------------
| Clock Summary
| -------------
------------------------------------------------------------------------------------------------

Clock        Waveform(ns)       Period(ns)      Frequency(MHz)
-----        ------------       ----------      --------------
sys_clk_pin  {0.000 5.000}      10.000          100.000         


------------------------------------------------------------------------------------------------
| Intra Clock Table
| -----------------
------------------------------------------------------------------------------------------------

Clock             WNS(ns)      TNS(ns)  TNS Failing Endpoints  TNS Total Endpoints      WHS(ns)      THS(ns)  THS Failing Endpoints  THS Total Endpoints     WPWS(ns)     TPWS(ns)  TPWS Failing Endpoints  TPWS Total Endpoints  
-----             -------      -------  ---------------------  -------------------      -------      -------  ---------------------  -------------------     --------     --------  ----------------------  --------------------  
sys_clk_pin         5.206        0.000                      0                   50        0.263        0.000                      0                   50        4.500        0.000                       0                    27  


------------------------------------------------------------------------------------------------
| Inter Clock Table
| -----------------
------------------------------------------------------------------------------------------------

From Clock    To Clock          WNS(ns)      TNS(ns)  TNS Failing Endpoints  TNS Total Endpoints      WHS(ns)      THS(ns)  THS Failing Endpoints  THS Total Endpoints  
----------    --------          -------      -------  ---------------------  -------------------      -------      -------  ---------------------  -------------------  


------------------------------------------------------------------------------------------------
| Other Path Groups Table
| -----------------------
------------------------------------------------------------------------------------------------

Path Group    From Clock    To Clock          WNS(ns)      TNS(ns)  TNS Failing Endpoints  TNS Total Endpoints      WHS(ns)      THS(ns)  THS Failing Endpoints  THS Total Endpoints  
----------    ----------    --------          -------      -------  ---------------------  -------------------      -------      -------  ---------------------  -------------------  


------------------------------------------------------------------------------------------------
| Timing Details
| --------------
------------------------------------------------------------------------------------------------


---------------------------------------------------------------------------------------------------
From Clock:  sys_clk_pin
  To Clock:  sys_clk_pin

Setup :            0  Failing Endpoints,  Worst Slack        5.206ns,  Total Violation        0.000ns
Hold  :            0  Failing Endpoints,  Worst Slack        0.263ns,  Total Violation        0.000ns
PW    :            0  Failing Endpoints,  Worst Slack        4.500ns,  Total Violation        0.000ns
---------------------------------------------------------------------------------------------------


Max Delay Paths
--------------------------------------------------------------------------------------
Slack (MET) :             5.206ns  (required time - arrival time)
  Source:                 CD/count_reg[24]/C
                            (rising edge-triggered cell FDRE clocked by sys_clk_pin  {rise@0.000ns fall@5.000ns period=10.000ns})
  Destination:            CD/count_reg[21]/R
                            (rising edge-triggered cell FDRE clocked by sys_clk_pin  {rise@0.000ns fall@5.000ns period=10.000ns})
  Path Group:             sys_clk_pin
  Path Type:              Setup (Max at Slow Process Corner)
  Requirement:            10.000ns  (sys_clk_pin rise@10.000ns - sys_clk_pin rise@0.000ns)
  Data Path Delay:        4.330ns  (logic 0.828ns (19.123%)  route 3.502ns (80.877%))
  Logic Levels:           3  (LUT2=1 LUT4=1 LUT6=1)
  Clock Path Skew:        0.000ns (DCD - SCD + CPR)
    Destination Clock Delay (DCD):    4.854ns = ( 14.854 - 10.000 ) 
    Source Clock Delay      (SCD):    5.153ns
    Clock Pessimism Removal (CPR):    0.299ns
  Clock Uncertainty:      0.035ns  ((TSJ^2 + TIJ^2)^1/2 + DJ) / 2 + PE
    Total System Jitter     (TSJ):    0.071ns
    Total Input Jitter      (TIJ):    0.000ns
    Discrete Jitter          (DJ):    0.000ns
    Phase Error              (PE):    0.000ns

    Location             Delay type                Incr(ns)  Path(ns)    Netlist Resource(s)
  -------------------------------------------------------------------    -------------------
                         (clock sys_clk_pin rise edge)
                                                      0.000     0.000 r  
    W5                                                0.000     0.000 r  clk (IN)
                         net (fo=0)                   0.000     0.000    clk
    W5                   IBUF (Prop_ibuf_I_O)         1.458     1.458 r  clk_IBUF_inst/O
                         net (fo=1, routed)           1.967     3.425    clk_IBUF
    BUFGCTRL_X0Y0        BUFG (Prop_bufg_I_O)         0.096     3.521 r  clk_IBUF_BUFG_inst/O
                         net (fo=26, routed)          1.632     5.153    CD/clk_IBUF_BUFG
    SLICE_X61Y35         FDRE                                         r  CD/count_reg[24]/C
  -------------------------------------------------------------------    -------------------
    SLICE_X61Y35         FDRE (Prop_fdre_C_Q)         0.456     5.609 f  CD/count_reg[24]/Q
                         net (fo=2, routed)           0.692     6.302    CD/count[24]
    SLICE_X60Y35         LUT4 (Prop_lut4_I2_O)        0.124     6.426 f  CD/count[0]_i_4/O
                         net (fo=1, routed)           1.014     7.440    CD/count[0]_i_4_n_0
    SLICE_X60Y32         LUT6 (Prop_lut6_I1_O)        0.124     7.564 f  CD/count[0]_i_2/O
                         net (fo=3, routed)           0.441     8.004    CD/count[0]_i_2_n_0
    SLICE_X60Y30         LUT2 (Prop_lut2_I1_O)        0.124     8.128 r  CD/count[24]_i_1/O
                         net (fo=24, routed)          1.355     9.483    CD/clkout
    SLICE_X61Y35         FDRE                                         r  CD/count_reg[21]/R
  -------------------------------------------------------------------    -------------------

                         (clock sys_clk_pin rise edge)
                                                     10.000    10.000 r  
    W5                                                0.000    10.000 r  clk (IN)
                         net (fo=0)                   0.000    10.000    clk
    W5                   IBUF (Prop_ibuf_I_O)         1.388    11.388 r  clk_IBUF_inst/O
                         net (fo=1, routed)           1.862    13.250    clk_IBUF
    BUFGCTRL_X0Y0        BUFG (Prop_bufg_I_O)         0.091    13.341 r  clk_IBUF_BUFG_inst/O
                         net (fo=26, routed)          1.513    14.854    CD/clk_IBUF_BUFG
    SLICE_X61Y35         FDRE                                         r  CD/count_reg[21]/C
                         clock pessimism              0.299    15.153    
                         clock uncertainty           -0.035    15.118    
    SLICE_X61Y35         FDRE (Setup_fdre_C_R)       -0.429    14.689    CD/count_reg[21]
  -------------------------------------------------------------------
                         required time                         14.689    
                         arrival time                          -9.483    
  -------------------------------------------------------------------
                         slack                                  5.206    

Slack (MET) :             5.206ns  (required time - arrival time)
  Source:                 CD/count_reg[24]/C
                            (rising edge-triggered cell FDRE clocked by sys_clk_pin  {rise@0.000ns fall@5.000ns period=10.000ns})
  Destination:            CD/count_reg[22]/R
                            (rising edge-triggered cell FDRE clocked by sys_clk_pin  {rise@0.000ns fall@5.000ns period=10.000ns})
  Path Group:             sys_clk_pin
  Path Type:              Setup (Max at Slow Process Corner)
  Requirement:            10.000ns  (sys_clk_pin rise@10.000ns - sys_clk_pin rise@0.000ns)
  Data Path Delay:        4.330ns  (logic 0.828ns (19.123%)  route 3.502ns (80.877%))
  Logic Levels:           3  (LUT2=1 LUT4=1 LUT6=1)
  Clock Path Skew:        0.000ns (DCD - SCD + CPR)
    Destination Clock Delay (DCD):    4.854ns = ( 14.854 - 10.000 ) 
    Source Clock Delay      (SCD):    5.153ns
    Clock Pessimism Removal (CPR):    0.299ns
  Clock Uncertainty:      0.035ns  ((TSJ^2 + TIJ^2)^1/2 + DJ) / 2 + PE
    Total System Jitter     (TSJ):    0.071ns
    Total Input Jitter      (TIJ):    0.000ns
    Discrete Jitter          (DJ):    0.000ns
    Phase Error              (PE):    0.000ns

    Location             Delay type                Incr(ns)  Path(ns)    Netlist Resource(s)
  -------------------------------------------------------------------    -------------------
                         (clock sys_clk_pin rise edge)
                                                      0.000     0.000 r  
    W5                                                0.000     0.000 r  clk (IN)
                         net (fo=0)                   0.000     0.000    clk
    W5                   IBUF (Prop_ibuf_I_O)         1.458     1.458 r  clk_IBUF_inst/O
                         net (fo=1, routed)           1.967     3.425    clk_IBUF
    BUFGCTRL_X0Y0        BUFG (Prop_bufg_I_O)         0.096     3.521 r  clk_IBUF_BUFG_inst/O
                         net (fo=26, routed)          1.632     5.153    CD/clk_IBUF_BUFG
    SLICE_X61Y35         FDRE                                         r  CD/count_reg[24]/C
  -------------------------------------------------------------------    -------------------
    SLICE_X61Y35         FDRE (Prop_fdre_C_Q)         0.456     5.609 f  CD/count_reg[24]/Q
                         net (fo=2, routed)           0.692     6.302    CD/count[24]
    SLICE_X60Y35         LUT4 (Prop_lut4_I2_O)        0.124     6.426 f  CD/count[0]_i_4/O
                         net (fo=1, routed)           1.014     7.440    CD/count[0]_i_4_n_0
    SLICE_X60Y32         LUT6 (Prop_lut6_I1_O)        0.124     7.564 f  CD/count[0]_i_2/O
                         net (fo=3, routed)           0.441     8.004    CD/count[0]_i_2_n_0
    SLICE_X60Y30         LUT2 (Prop_lut2_I1_O)        0.124     8.128 r  CD/count[24]_i_1/O
                         net (fo=24, routed)          1.355     9.483    CD/clkout
    SLICE_X61Y35         FDRE                                         r  CD/count_reg[22]/R
  -------------------------------------------------------------------    -------------------

                         (clock sys_clk_pin rise edge)
                                                     10.000    10.000 r  
    W5                                                0.000    10.000 r  clk (IN)
                         net (fo=0)                   0.000    10.000    clk
    W5                   IBUF (Prop_ibuf_I_O)         1.388    11.388 r  clk_IBUF_inst/O
                         net (fo=1, routed)           1.862    13.250    clk_IBUF
    BUFGCTRL_X0Y0        BUFG (Prop_bufg_I_O)         0.091    13.341 r  clk_IBUF_BUFG_inst/O
                         net (fo=26, routed)          1.513    14.854    CD/clk_IBUF_BUFG
    SLICE_X61Y35         FDRE                                         r  CD/count_reg[22]/C
                         clock pessimism              0.299    15.153    
                         clock uncertainty           -0.035    15.118    
    SLICE_X61Y35         FDRE (Setup_fdre_C_R)       -0.429    14.689    CD/count_reg[22]
  -------------------------------------------------------------------
                         required time                         14.689    
                         arrival time                          -9.483    
  -------------------------------------------------------------------
                         slack                                  5.206    

Slack (MET) :             5.206ns  (required time - arrival time)
  Source:                 CD/count_reg[24]/C
                            (rising edge-triggered cell FDRE clocked by sys_clk_pin  {rise@0.000ns fall@5.000ns period=10.000ns})
  Destination:            CD/count_reg[23]/R
                            (rising edge-triggered cell FDRE clocked by sys_clk_pin  {rise@0.000ns fall@5.000ns period=10.000ns})
  Path Group:             sys_clk_pin
  Path Type:              Setup (Max at Slow Process Corner)
  Requirement:            10.000ns  (sys_clk_pin rise@10.000ns - sys_clk_pin rise@0.000ns)
  Data Path Delay:        4.330ns  (logic 0.828ns (19.123%)  route 3.502ns (80.877%))
  Logic Levels:           3  (LUT2=1 LUT4=1 LUT6=1)
  Clock Path Skew:        0.000ns (DCD - SCD + CPR)
    Destination Clock Delay (DCD):    4.854ns = ( 14.854 - 10.000 ) 
    Source Clock Delay      (SCD):    5.153ns
    Clock Pessimism Removal (CPR):    0.299ns
  Clock Uncertainty:      0.035ns  ((TSJ^2 + TIJ^2)^1/2 + DJ) / 2 + PE
    Total System Jitter     (TSJ):    0.071ns
    Total Input Jitter      (TIJ):    0.000ns
    Discrete Jitter          (DJ):    0.000ns
    Phase Error              (PE):    0.000ns

    Location             Delay type                Incr(ns)  Path(ns)    Netlist Resource(s)
  -------------------------------------------------------------------    -------------------
                         (clock sys_clk_pin rise edge)
                                                      0.000     0.000 r  
    W5                                                0.000     0.000 r  clk (IN)
                         net (fo=0)                   0.000     0.000    clk
    W5                   IBUF (Prop_ibuf_I_O)         1.458     1.458 r  clk_IBUF_inst/O
                         net (fo=1, routed)           1.967     3.425    clk_IBUF
    BUFGCTRL_X0Y0        BUFG (Prop_bufg_I_O)         0.096     3.521 r  clk_IBUF_BUFG_inst/O
                         net (fo=26, routed)          1.632     5.153    CD/clk_IBUF_BUFG
    SLICE_X61Y35         FDRE                                         r  CD/count_reg[24]/C
  -------------------------------------------------------------------    -------------------
    SLICE_X61Y35         FDRE (Prop_fdre_C_Q)         0.456     5.609 f  CD/count_reg[24]/Q
                         net (fo=2, routed)           0.692     6.302    CD/count[24]
    SLICE_X60Y35         LUT4 (Prop_lut4_I2_O)        0.124     6.426 f  CD/count[0]_i_4/O
                         net (fo=1, routed)           1.014     7.440    CD/count[0]_i_4_n_0
    SLICE_X60Y32         LUT6 (Prop_lut6_I1_O)        0.124     7.564 f  CD/count[0]_i_2/O
                         net (fo=3, routed)           0.441     8.004    CD/count[0]_i_2_n_0
    SLICE_X60Y30         LUT2 (Prop_lut2_I1_O)        0.124     8.128 r  CD/count[24]_i_1/O
                         net (fo=24, routed)          1.355     9.483    CD/clkout
    SLICE_X61Y35         FDRE                                         r  CD/count_reg[23]/R
  -------------------------------------------------------------------    -------------------

                         (clock sys_clk_pin rise edge)
                                                     10.000    10.000 r  
    W5                                                0.000    10.000 r  clk (IN)
                         net (fo=0)                   0.000    10.000    clk
    W5                   IBUF (Prop_ibuf_I_O)         1.388    11.388 r  clk_IBUF_inst/O
                         net (fo=1, routed)           1.862    13.250    clk_IBUF
    BUFGCTRL_X0Y0        BUFG (Prop_bufg_I_O)         0.091    13.341 r  clk_IBUF_BUFG_inst/O
                         net (fo=26, routed)          1.513    14.854    CD/clk_IBUF_BUFG
    SLICE_X61Y35         FDRE                                         r  CD/count_reg[23]/C
                         clock pessimism              0.299    15.153    
                         clock uncertainty           -0.035    15.118    
    SLICE_X61Y35         FDRE (Setup_fdre_C_R)       -0.429    14.689    CD/count_reg[23]
  -------------------------------------------------------------------
                         required time                         14.689    
                         arrival time                          -9.483    
  -------------------------------------------------------------------
                         slack                                  5.206    

Slack (MET) :             5.206ns  (required time - arrival time)
  Source:                 CD/count_reg[24]/C
                            (rising edge-triggered cell FDRE clocked by sys_clk_pin  {rise@0.000ns fall@5.000ns period=10.000ns})
  Destination:            CD/count_reg[24]/R
                            (rising edge-triggered cell FDRE clocked by sys_clk_pin  {rise@0.000ns fall@5.000ns period=10.000ns})
  Path Group:             sys_clk_pin
  Path Type:              Setup (Max at Slow Process Corner)
  Requirement:            10.000ns  (sys_clk_pin rise@10.000ns - sys_clk_pin rise@0.000ns)
  Data Path Delay:        4.330ns  (logic 0.828ns (19.123%)  route 3.502ns (80.877%))
  Logic Levels:           3  (LUT2=1 LUT4=1 LUT6=1)
  Clock Path Skew:        0.000ns (DCD - SCD + CPR)
    Destination Clock Delay (DCD):    4.854ns = ( 14.854 - 10.000 ) 
    Source Clock Delay      (SCD):    5.153ns
    Clock Pessimism Removal (CPR):    0.299ns
  Clock Uncertainty:      0.035ns  ((TSJ^2 + TIJ^2)^1/2 + DJ) / 2 + PE
    Total System Jitter     (TSJ):    0.071ns
    Total Input Jitter      (TIJ):    0.000ns
    Discrete Jitter          (DJ):    0.000ns
    Phase Error              (PE):    0.000ns

    Location             Delay type                Incr(ns)  Path(ns)    Netlist Resource(s)
  -------------------------------------------------------------------    -------------------
                         (clock sys_clk_pin rise edge)
                                                      0.000     0.000 r  
    W5                                                0.000     0.000 r  clk (IN)
                         net (fo=0)                   0.000     0.000    clk
    W5                   IBUF (Prop_ibuf_I_O)         1.458     1.458 r  clk_IBUF_inst/O
                         net (fo=1, routed)           1.967     3.425    clk_IBUF
    BUFGCTRL_X0Y0        BUFG (Prop_bufg_I_O)         0.096     3.521 r  clk_IBUF_BUFG_inst/O
                         net (fo=26, routed)          1.632     5.153    CD/clk_IBUF_BUFG
    SLICE_X61Y35         FDRE                                         r  CD/count_reg[24]/C
  -------------------------------------------------------------------    -------------------
    SLICE_X61Y35         FDRE (Prop_fdre_C_Q)         0.456     5.609 f  CD/count_reg[24]/Q
                         net (fo=2, routed)           0.692     6.302    CD/count[24]
    SLICE_X60Y35         LUT4 (Prop_lut4_I2_O)        0.124     6.426 f  CD/count[0]_i_4/O
                         net (fo=1, routed)           1.014     7.440    CD/count[0]_i_4_n_0
    SLICE_X60Y32         LUT6 (Prop_lut6_I1_O)        0.124     7.564 f  CD/count[0]_i_2/O
                         net (fo=3, routed)           0.441     8.004    CD/count[0]_i_2_n_0
    SLICE_X60Y30         LUT2 (Prop_lut2_I1_O)        0.124     8.128 r  CD/count[24]_i_1/O
                         net (fo=24, routed)          1.355     9.483    CD/clkout
    SLICE_X61Y35         FDRE                                         r  CD/count_reg[24]/R
  -------------------------------------------------------------------    -------------------

                         (clock sys_clk_pin rise edge)
                                                     10.000    10.000 r  
    W5                                                0.000    10.000 r  clk (IN)
                         net (fo=0)                   0.000    10.000    clk
    W5                   IBUF (Prop_ibuf_I_O)         1.388    11.388 r  clk_IBUF_inst/O
                         net (fo=1, routed)           1.862    13.250    clk_IBUF
    BUFGCTRL_X0Y0        BUFG (Prop_bufg_I_O)         0.091    13.341 r  clk_IBUF_BUFG_inst/O
                         net (fo=26, routed)          1.513    14.854    CD/clk_IBUF_BUFG
    SLICE_X61Y35         FDRE                                         r  CD/count_reg[24]/C
                         clock pessimism              0.299    15.153    
                         clock uncertainty           -0.035    15.118    
    SLICE_X61Y35         FDRE (Setup_fdre_C_R)       -0.429    14.689    CD/count_reg[24]
  -------------------------------------------------------------------
                         required time                         14.689    
                         arrival time                          -9.483    
  -------------------------------------------------------------------
                         slack                                  5.206    

Slack (MET) :             5.318ns  (required time - arrival time)
  Source:                 CD/count_reg[24]/C
                            (rising edge-triggered cell FDRE clocked by sys_clk_pin  {rise@0.000ns fall@5.000ns period=10.000ns})
  Destination:            CD/count_reg[17]/R
                            (rising edge-triggered cell FDRE clocked by sys_clk_pin  {rise@0.000ns fall@5.000ns period=10.000ns})
  Path Group:             sys_clk_pin
  Path Type:              Setup (Max at Slow Process Corner)
  Requirement:            10.000ns  (sys_clk_pin rise@10.000ns - sys_clk_pin rise@0.000ns)
  Data Path Delay:        4.191ns  (logic 0.828ns (19.754%)  route 3.363ns (80.246%))
  Logic Levels:           3  (LUT2=1 LUT4=1 LUT6=1)
  Clock Path Skew:        -0.026ns (DCD - SCD + CPR)
    Destination Clock Delay (DCD):    4.853ns = ( 14.853 - 10.000 ) 
    Source Clock Delay      (SCD):    5.153ns
    Clock Pessimism Removal (CPR):    0.274ns
  Clock Uncertainty:      0.035ns  ((TSJ^2 + TIJ^2)^1/2 + DJ) / 2 + PE
    Total System Jitter     (TSJ):    0.071ns
    Total Input Jitter      (TIJ):    0.000ns
    Discrete Jitter          (DJ):    0.000ns
    Phase Error              (PE):    0.000ns

    Location             Delay type                Incr(ns)  Path(ns)    Netlist Resource(s)
  -------------------------------------------------------------------    -------------------
                         (clock sys_clk_pin rise edge)
                                                      0.000     0.000 r  
    W5                                                0.000     0.000 r  clk (IN)
                         net (fo=0)                   0.000     0.000    clk
    W5                   IBUF (Prop_ibuf_I_O)         1.458     1.458 r  clk_IBUF_inst/O
                         net (fo=1, routed)           1.967     3.425    clk_IBUF
    BUFGCTRL_X0Y0        BUFG (Prop_bufg_I_O)         0.096     3.521 r  clk_IBUF_BUFG_inst/O
                         net (fo=26, routed)          1.632     5.153    CD/clk_IBUF_BUFG
    SLICE_X61Y35         FDRE                                         r  CD/count_reg[24]/C
  -------------------------------------------------------------------    -------------------
    SLICE_X61Y35         FDRE (Prop_fdre_C_Q)         0.456     5.609 f  CD/count_reg[24]/Q
                         net (fo=2, routed)           0.692     6.302    CD/count[24]
    SLICE_X60Y35         LUT4 (Prop_lut4_I2_O)        0.124     6.426 f  CD/count[0]_i_4/O
                         net (fo=1, routed)           1.014     7.440    CD/count[0]_i_4_n_0
    SLICE_X60Y32         LUT6 (Prop_lut6_I1_O)        0.124     7.564 f  CD/count[0]_i_2/O
                         net (fo=3, routed)           0.441     8.004    CD/count[0]_i_2_n_0
    SLICE_X60Y30         LUT2 (Prop_lut2_I1_O)        0.124     8.128 r  CD/count[24]_i_1/O
                         net (fo=24, routed)          1.216     9.345    CD/clkout
    SLICE_X61Y34         FDRE                                         r  CD/count_reg[17]/R
  -------------------------------------------------------------------    -------------------

                         (clock sys_clk_pin rise edge)
                                                     10.000    10.000 r  
    W5                                                0.000    10.000 r  clk (IN)
                         net (fo=0)                   0.000    10.000    clk
    W5                   IBUF (Prop_ibuf_I_O)         1.388    11.388 r  clk_IBUF_inst/O
                         net (fo=1, routed)           1.862    13.250    clk_IBUF
    BUFGCTRL_X0Y0        BUFG (Prop_bufg_I_O)         0.091    13.341 r  clk_IBUF_BUFG_inst/O
                         net (fo=26, routed)          1.512    14.853    CD/clk_IBUF_BUFG
    SLICE_X61Y34         FDRE                                         r  CD/count_reg[17]/C
                         clock pessimism              0.274    15.127    
                         clock uncertainty           -0.035    15.092    
    SLICE_X61Y34         FDRE (Setup_fdre_C_R)       -0.429    14.663    CD/count_reg[17]
  -------------------------------------------------------------------
                         required time                         14.663    
                         arrival time                          -9.345    
  -------------------------------------------------------------------
                         slack                                  5.318    

Slack (MET) :             5.318ns  (required time - arrival time)
  Source:                 CD/count_reg[24]/C
                            (rising edge-triggered cell FDRE clocked by sys_clk_pin  {rise@0.000ns fall@5.000ns period=10.000ns})
  Destination:            CD/count_reg[18]/R
                            (rising edge-triggered cell FDRE clocked by sys_clk_pin  {rise@0.000ns fall@5.000ns period=10.000ns})
  Path Group:             sys_clk_pin
  Path Type:              Setup (Max at Slow Process Corner)
  Requirement:            10.000ns  (sys_clk_pin rise@10.000ns - sys_clk_pin rise@0.000ns)
  Data Path Delay:        4.191ns  (logic 0.828ns (19.754%)  route 3.363ns (80.246%))
  Logic Levels:           3  (LUT2=1 LUT4=1 LUT6=1)
  Clock Path Skew:        -0.026ns (DCD - SCD + CPR)
    Destination Clock Delay (DCD):    4.853ns = ( 14.853 - 10.000 ) 
    Source Clock Delay      (SCD):    5.153ns
    Clock Pessimism Removal (CPR):    0.274ns
  Clock Uncertainty:      0.035ns  ((TSJ^2 + TIJ^2)^1/2 + DJ) / 2 + PE
    Total System Jitter     (TSJ):    0.071ns
    Total Input Jitter      (TIJ):    0.000ns
    Discrete Jitter          (DJ):    0.000ns
    Phase Error              (PE):    0.000ns

    Location             Delay type                Incr(ns)  Path(ns)    Netlist Resource(s)
  -------------------------------------------------------------------    -------------------
                         (clock sys_clk_pin rise edge)
                                                      0.000     0.000 r  
    W5                                                0.000     0.000 r  clk (IN)
                         net (fo=0)                   0.000     0.000    clk
    W5                   IBUF (Prop_ibuf_I_O)         1.458     1.458 r  clk_IBUF_inst/O
                         net (fo=1, routed)           1.967     3.425    clk_IBUF
    BUFGCTRL_X0Y0        BUFG (Prop_bufg_I_O)         0.096     3.521 r  clk_IBUF_BUFG_inst/O
                         net (fo=26, routed)          1.632     5.153    CD/clk_IBUF_BUFG
    SLICE_X61Y35         FDRE                                         r  CD/count_reg[24]/C
  -------------------------------------------------------------------    -------------------
    SLICE_X61Y35         FDRE (Prop_fdre_C_Q)         0.456     5.609 f  CD/count_reg[24]/Q
                         net (fo=2, routed)           0.692     6.302    CD/count[24]
    SLICE_X60Y35         LUT4 (Prop_lut4_I2_O)        0.124     6.426 f  CD/count[0]_i_4/O
                         net (fo=1, routed)           1.014     7.440    CD/count[0]_i_4_n_0
    SLICE_X60Y32         LUT6 (Prop_lut6_I1_O)        0.124     7.564 f  CD/count[0]_i_2/O
                         net (fo=3, routed)           0.441     8.004    CD/count[0]_i_2_n_0
    SLICE_X60Y30         LUT2 (Prop_lut2_I1_O)        0.124     8.128 r  CD/count[24]_i_1/O
                         net (fo=24, routed)          1.216     9.345    CD/clkout
    SLICE_X61Y34         FDRE                                         r  CD/count_reg[18]/R
  -------------------------------------------------------------------    -------------------

                         (clock sys_clk_pin rise edge)
                                                     10.000    10.000 r  
    W5                                                0.000    10.000 r  clk (IN)
                         net (fo=0)                   0.000    10.000    clk
    W5                   IBUF (Prop_ibuf_I_O)         1.388    11.388 r  clk_IBUF_inst/O
                         net (fo=1, routed)           1.862    13.250    clk_IBUF
    BUFGCTRL_X0Y0        BUFG (Prop_bufg_I_O)         0.091    13.341 r  clk_IBUF_BUFG_inst/O
                         net (fo=26, routed)          1.512    14.853    CD/clk_IBUF_BUFG
    SLICE_X61Y34         FDRE                                         r  CD/count_reg[18]/C
                         clock pessimism              0.274    15.127    
                         clock uncertainty           -0.035    15.092    
    SLICE_X61Y34         FDRE (Setup_fdre_C_R)       -0.429    14.663    CD/count_reg[18]
  -------------------------------------------------------------------
                         required time                         14.663    
                         arrival time                          -9.345    
  -------------------------------------------------------------------
                         slack                                  5.318    

Slack (MET) :             5.318ns  (required time - arrival time)
  Source:                 CD/count_reg[24]/C
                            (rising edge-triggered cell FDRE clocked by sys_clk_pin  {rise@0.000ns fall@5.000ns period=10.000ns})
  Destination:            CD/count_reg[19]/R
                            (rising edge-triggered cell FDRE clocked by sys_clk_pin  {rise@0.000ns fall@5.000ns period=10.000ns})
  Path Group:             sys_clk_pin
  Path Type:              Setup (Max at Slow Process Corner)
  Requirement:            10.000ns  (sys_clk_pin rise@10.000ns - sys_clk_pin rise@0.000ns)
  Data Path Delay:        4.191ns  (logic 0.828ns (19.754%)  route 3.363ns (80.246%))
  Logic Levels:           3  (LUT2=1 LUT4=1 LUT6=1)
  Clock Path Skew:        -0.026ns (DCD - SCD + CPR)
    Destination Clock Delay (DCD):    4.853ns = ( 14.853 - 10.000 ) 
    Source Clock Delay      (SCD):    5.153ns
    Clock Pessimism Removal (CPR):    0.274ns
  Clock Uncertainty:      0.035ns  ((TSJ^2 + TIJ^2)^1/2 + DJ) / 2 + PE
    Total System Jitter     (TSJ):    0.071ns
    Total Input Jitter      (TIJ):    0.000ns
    Discrete Jitter          (DJ):    0.000ns
    Phase Error              (PE):    0.000ns

    Location             Delay type                Incr(ns)  Path(ns)    Netlist Resource(s)
  -------------------------------------------------------------------    -------------------
                         (clock sys_clk_pin rise edge)
                                                      0.000     0.000 r  
    W5                                                0.000     0.000 r  clk (IN)
                         net (fo=0)                   0.000     0.000    clk
    W5                   IBUF (Prop_ibuf_I_O)         1.458     1.458 r  clk_IBUF_inst/O
                         net (fo=1, routed)           1.967     3.425    clk_IBUF
    BUFGCTRL_X0Y0        BUFG (Prop_bufg_I_O)         0.096     3.521 r  clk_IBUF_BUFG_inst/O
                         net (fo=26, routed)          1.632     5.153    CD/clk_IBUF_BUFG
    SLICE_X61Y35         FDRE                                         r  CD/count_reg[24]/C
  -------------------------------------------------------------------    -------------------
    SLICE_X61Y35         FDRE (Prop_fdre_C_Q)         0.456     5.609 f  CD/count_reg[24]/Q
                         net (fo=2, routed)           0.692     6.302    CD/count[24]
    SLICE_X60Y35         LUT4 (Prop_lut4_I2_O)        0.124     6.426 f  CD/count[0]_i_4/O
                         net (fo=1, routed)           1.014     7.440    CD/count[0]_i_4_n_0
    SLICE_X60Y32         LUT6 (Prop_lut6_I1_O)        0.124     7.564 f  CD/count[0]_i_2/O
                         net (fo=3, routed)           0.441     8.004    CD/count[0]_i_2_n_0
    SLICE_X60Y30         LUT2 (Prop_lut2_I1_O)        0.124     8.128 r  CD/count[24]_i_1/O
                         net (fo=24, routed)          1.216     9.345    CD/clkout
    SLICE_X61Y34         FDRE                                         r  CD/count_reg[19]/R
  -------------------------------------------------------------------    -------------------

                         (clock sys_clk_pin rise edge)
                                                     10.000    10.000 r  
    W5                                                0.000    10.000 r  clk (IN)
                         net (fo=0)                   0.000    10.000    clk
    W5                   IBUF (Prop_ibuf_I_O)         1.388    11.388 r  clk_IBUF_inst/O
                         net (fo=1, routed)           1.862    13.250    clk_IBUF
    BUFGCTRL_X0Y0        BUFG (Prop_bufg_I_O)         0.091    13.341 r  clk_IBUF_BUFG_inst/O
                         net (fo=26, routed)          1.512    14.853    CD/clk_IBUF_BUFG
    SLICE_X61Y34         FDRE                                         r  CD/count_reg[19]/C
                         clock pessimism              0.274    15.127    
                         clock uncertainty           -0.035    15.092    
    SLICE_X61Y34         FDRE (Setup_fdre_C_R)       -0.429    14.663    CD/count_reg[19]
  -------------------------------------------------------------------
                         required time                         14.663    
                         arrival time                          -9.345    
  -------------------------------------------------------------------
                         slack                                  5.318    

Slack (MET) :             5.318ns  (required time - arrival time)
  Source:                 CD/count_reg[24]/C
                            (rising edge-triggered cell FDRE clocked by sys_clk_pin  {rise@0.000ns fall@5.000ns period=10.000ns})
  Destination:            CD/count_reg[20]/R
                            (rising edge-triggered cell FDRE clocked by sys_clk_pin  {rise@0.000ns fall@5.000ns period=10.000ns})
  Path Group:             sys_clk_pin
  Path Type:              Setup (Max at Slow Process Corner)
  Requirement:            10.000ns  (sys_clk_pin rise@10.000ns - sys_clk_pin rise@0.000ns)
  Data Path Delay:        4.191ns  (logic 0.828ns (19.754%)  route 3.363ns (80.246%))
  Logic Levels:           3  (LUT2=1 LUT4=1 LUT6=1)
  Clock Path Skew:        -0.026ns (DCD - SCD + CPR)
    Destination Clock Delay (DCD):    4.853ns = ( 14.853 - 10.000 ) 
    Source Clock Delay      (SCD):    5.153ns
    Clock Pessimism Removal (CPR):    0.274ns
  Clock Uncertainty:      0.035ns  ((TSJ^2 + TIJ^2)^1/2 + DJ) / 2 + PE
    Total System Jitter     (TSJ):    0.071ns
    Total Input Jitter      (TIJ):    0.000ns
    Discrete Jitter          (DJ):    0.000ns
    Phase Error              (PE):    0.000ns

    Location             Delay type                Incr(ns)  Path(ns)    Netlist Resource(s)
  -------------------------------------------------------------------    -------------------
                         (clock sys_clk_pin rise edge)
                                                      0.000     0.000 r  
    W5                                                0.000     0.000 r  clk (IN)
                         net (fo=0)                   0.000     0.000    clk
    W5                   IBUF (Prop_ibuf_I_O)         1.458     1.458 r  clk_IBUF_inst/O
                         net (fo=1, routed)           1.967     3.425    clk_IBUF
    BUFGCTRL_X0Y0        BUFG (Prop_bufg_I_O)         0.096     3.521 r  clk_IBUF_BUFG_inst/O
                         net (fo=26, routed)          1.632     5.153    CD/clk_IBUF_BUFG
    SLICE_X61Y35         FDRE                                         r  CD/count_reg[24]/C
  -------------------------------------------------------------------    -------------------
    SLICE_X61Y35         FDRE (Prop_fdre_C_Q)         0.456     5.609 f  CD/count_reg[24]/Q
                         net (fo=2, routed)           0.692     6.302    CD/count[24]
    SLICE_X60Y35         LUT4 (Prop_lut4_I2_O)        0.124     6.426 f  CD/count[0]_i_4/O
                         net (fo=1, routed)           1.014     7.440    CD/count[0]_i_4_n_0
    SLICE_X60Y32         LUT6 (Prop_lut6_I1_O)        0.124     7.564 f  CD/count[0]_i_2/O
                         net (fo=3, routed)           0.441     8.004    CD/count[0]_i_2_n_0
    SLICE_X60Y30         LUT2 (Prop_lut2_I1_O)        0.124     8.128 r  CD/count[24]_i_1/O
                         net (fo=24, routed)          1.216     9.345    CD/clkout
    SLICE_X61Y34         FDRE                                         r  CD/count_reg[20]/R
  -------------------------------------------------------------------    -------------------

                         (clock sys_clk_pin rise edge)
                                                     10.000    10.000 r  
    W5                                                0.000    10.000 r  clk (IN)
                         net (fo=0)                   0.000    10.000    clk
    W5                   IBUF (Prop_ibuf_I_O)         1.388    11.388 r  clk_IBUF_inst/O
                         net (fo=1, routed)           1.862    13.250    clk_IBUF
    BUFGCTRL_X0Y0        BUFG (Prop_bufg_I_O)         0.091    13.341 r  clk_IBUF_BUFG_inst/O
                         net (fo=26, routed)          1.512    14.853    CD/clk_IBUF_BUFG
    SLICE_X61Y34         FDRE                                         r  CD/count_reg[20]/C
                         clock pessimism              0.274    15.127    
                         clock uncertainty           -0.035    15.092    
    SLICE_X61Y34         FDRE (Setup_fdre_C_R)       -0.429    14.663    CD/count_reg[20]
  -------------------------------------------------------------------
                         required time                         14.663    
                         arrival time                          -9.345    
  -------------------------------------------------------------------
                         slack                                  5.318    

Slack (MET) :             5.465ns  (required time - arrival time)
  Source:                 CD/count_reg[24]/C
                            (rising edge-triggered cell FDRE clocked by sys_clk_pin  {rise@0.000ns fall@5.000ns period=10.000ns})
  Destination:            CD/count_reg[13]/R
                            (rising edge-triggered cell FDRE clocked by sys_clk_pin  {rise@0.000ns fall@5.000ns period=10.000ns})
  Path Group:             sys_clk_pin
  Path Type:              Setup (Max at Slow Process Corner)
  Requirement:            10.000ns  (sys_clk_pin rise@10.000ns - sys_clk_pin rise@0.000ns)
  Data Path Delay:        4.043ns  (logic 0.828ns (20.479%)  route 3.215ns (79.521%))
  Logic Levels:           3  (LUT2=1 LUT4=1 LUT6=1)
  Clock Path Skew:        -0.027ns (DCD - SCD + CPR)
    Destination Clock Delay (DCD):    4.852ns = ( 14.852 - 10.000 ) 
    Source Clock Delay      (SCD):    5.153ns
    Clock Pessimism Removal (CPR):    0.274ns
  Clock Uncertainty:      0.035ns  ((TSJ^2 + TIJ^2)^1/2 + DJ) / 2 + PE
    Total System Jitter     (TSJ):    0.071ns
    Total Input Jitter      (TIJ):    0.000ns
    Discrete Jitter          (DJ):    0.000ns
    Phase Error              (PE):    0.000ns

    Location             Delay type                Incr(ns)  Path(ns)    Netlist Resource(s)
  -------------------------------------------------------------------    -------------------
                         (clock sys_clk_pin rise edge)
                                                      0.000     0.000 r  
    W5                                                0.000     0.000 r  clk (IN)
                         net (fo=0)                   0.000     0.000    clk
    W5                   IBUF (Prop_ibuf_I_O)         1.458     1.458 r  clk_IBUF_inst/O
                         net (fo=1, routed)           1.967     3.425    clk_IBUF
    BUFGCTRL_X0Y0        BUFG (Prop_bufg_I_O)         0.096     3.521 r  clk_IBUF_BUFG_inst/O
                         net (fo=26, routed)          1.632     5.153    CD/clk_IBUF_BUFG
    SLICE_X61Y35         FDRE                                         r  CD/count_reg[24]/C
  -------------------------------------------------------------------    -------------------
    SLICE_X61Y35         FDRE (Prop_fdre_C_Q)         0.456     5.609 f  CD/count_reg[24]/Q
                         net (fo=2, routed)           0.692     6.302    CD/count[24]
    SLICE_X60Y35         LUT4 (Prop_lut4_I2_O)        0.124     6.426 f  CD/count[0]_i_4/O
                         net (fo=1, routed)           1.014     7.440    CD/count[0]_i_4_n_0
    SLICE_X60Y32         LUT6 (Prop_lut6_I1_O)        0.124     7.564 f  CD/count[0]_i_2/O
                         net (fo=3, routed)           0.441     8.004    CD/count[0]_i_2_n_0
    SLICE_X60Y30         LUT2 (Prop_lut2_I1_O)        0.124     8.128 r  CD/count[24]_i_1/O
                         net (fo=24, routed)          1.068     9.196    CD/clkout
    SLICE_X61Y33         FDRE                                         r  CD/count_reg[13]/R
  -------------------------------------------------------------------    -------------------

                         (clock sys_clk_pin rise edge)
                                                     10.000    10.000 r  
    W5                                                0.000    10.000 r  clk (IN)
                         net (fo=0)                   0.000    10.000    clk
    W5                   IBUF (Prop_ibuf_I_O)         1.388    11.388 r  clk_IBUF_inst/O
                         net (fo=1, routed)           1.862    13.250    clk_IBUF
    BUFGCTRL_X0Y0        BUFG (Prop_bufg_I_O)         0.091    13.341 r  clk_IBUF_BUFG_inst/O
                         net (fo=26, routed)          1.511    14.852    CD/clk_IBUF_BUFG
    SLICE_X61Y33         FDRE                                         r  CD/count_reg[13]/C
                         clock pessimism              0.274    15.126    
                         clock uncertainty           -0.035    15.091    
    SLICE_X61Y33         FDRE (Setup_fdre_C_R)       -0.429    14.662    CD/count_reg[13]
  -------------------------------------------------------------------
                         required time                         14.662    
                         arrival time                          -9.196    
  -------------------------------------------------------------------
                         slack                                  5.465    

Slack (MET) :             5.465ns  (required time - arrival time)
  Source:                 CD/count_reg[24]/C
                            (rising edge-triggered cell FDRE clocked by sys_clk_pin  {rise@0.000ns fall@5.000ns period=10.000ns})
  Destination:            CD/count_reg[14]/R
                            (rising edge-triggered cell FDRE clocked by sys_clk_pin  {rise@0.000ns fall@5.000ns period=10.000ns})
  Path Group:             sys_clk_pin
  Path Type:              Setup (Max at Slow Process Corner)
  Requirement:            10.000ns  (sys_clk_pin rise@10.000ns - sys_clk_pin rise@0.000ns)
  Data Path Delay:        4.043ns  (logic 0.828ns (20.479%)  route 3.215ns (79.521%))
  Logic Levels:           3  (LUT2=1 LUT4=1 LUT6=1)
  Clock Path Skew:        -0.027ns (DCD - SCD + CPR)
    Destination Clock Delay (DCD):    4.852ns = ( 14.852 - 10.000 ) 
    Source Clock Delay      (SCD):    5.153ns
    Clock Pessimism Removal (CPR):    0.274ns
  Clock Uncertainty:      0.035ns  ((TSJ^2 + TIJ^2)^1/2 + DJ) / 2 + PE
    Total System Jitter     (TSJ):    0.071ns
    Total Input Jitter      (TIJ):    0.000ns
    Discrete Jitter          (DJ):    0.000ns
    Phase Error              (PE):    0.000ns

    Location             Delay type                Incr(ns)  Path(ns)    Netlist Resource(s)
  -------------------------------------------------------------------    -------------------
                         (clock sys_clk_pin rise edge)
                                                      0.000     0.000 r  
    W5                                                0.000     0.000 r  clk (IN)
                         net (fo=0)                   0.000     0.000    clk
    W5                   IBUF (Prop_ibuf_I_O)         1.458     1.458 r  clk_IBUF_inst/O
                         net (fo=1, routed)           1.967     3.425    clk_IBUF
    BUFGCTRL_X0Y0        BUFG (Prop_bufg_I_O)         0.096     3.521 r  clk_IBUF_BUFG_inst/O
                         net (fo=26, routed)          1.632     5.153    CD/clk_IBUF_BUFG
    SLICE_X61Y35         FDRE                                         r  CD/count_reg[24]/C
  -------------------------------------------------------------------    -------------------
    SLICE_X61Y35         FDRE (Prop_fdre_C_Q)         0.456     5.609 f  CD/count_reg[24]/Q
                         net (fo=2, routed)           0.692     6.302    CD/count[24]
    SLICE_X60Y35         LUT4 (Prop_lut4_I2_O)        0.124     6.426 f  CD/count[0]_i_4/O
                         net (fo=1, routed)           1.014     7.440    CD/count[0]_i_4_n_0
    SLICE_X60Y32         LUT6 (Prop_lut6_I1_O)        0.124     7.564 f  CD/count[0]_i_2/O
                         net (fo=3, routed)           0.441     8.004    CD/count[0]_i_2_n_0
    SLICE_X60Y30         LUT2 (Prop_lut2_I1_O)        0.124     8.128 r  CD/count[24]_i_1/O
                         net (fo=24, routed)          1.068     9.196    CD/clkout
    SLICE_X61Y33         FDRE                                         r  CD/count_reg[14]/R
  -------------------------------------------------------------------    -------------------

                         (clock sys_clk_pin rise edge)
                                                     10.000    10.000 r  
    W5                                                0.000    10.000 r  clk (IN)
                         net (fo=0)                   0.000    10.000    clk
    W5                   IBUF (Prop_ibuf_I_O)         1.388    11.388 r  clk_IBUF_inst/O
                         net (fo=1, routed)           1.862    13.250    clk_IBUF
    BUFGCTRL_X0Y0        BUFG (Prop_bufg_I_O)         0.091    13.341 r  clk_IBUF_BUFG_inst/O
                         net (fo=26, routed)          1.511    14.852    CD/clk_IBUF_BUFG
    SLICE_X61Y33         FDRE                                         r  CD/count_reg[14]/C
                         clock pessimism              0.274    15.126    
                         clock uncertainty           -0.035    15.091    
    SLICE_X61Y33         FDRE (Setup_fdre_C_R)       -0.429    14.662    CD/count_reg[14]
  -------------------------------------------------------------------
                         required time                         14.662    
                         arrival time                          -9.196    
  -------------------------------------------------------------------
                         slack                                  5.465    





Min Delay Paths
--------------------------------------------------------------------------------------
Slack (MET) :             0.263ns  (arrival time - required time)
  Source:                 CD/count_reg[16]/C
                            (rising edge-triggered cell FDRE clocked by sys_clk_pin  {rise@0.000ns fall@5.000ns period=10.000ns})
  Destination:            CD/count_reg[16]/D
                            (rising edge-triggered cell FDRE clocked by sys_clk_pin  {rise@0.000ns fall@5.000ns period=10.000ns})
  Path Group:             sys_clk_pin
  Path Type:              Hold (Min at Fast Process Corner)
  Requirement:            0.000ns  (sys_clk_pin rise@0.000ns - sys_clk_pin rise@0.000ns)
  Data Path Delay:        0.368ns  (logic 0.249ns (67.612%)  route 0.119ns (32.388%))
  Logic Levels:           1  (CARRY4=1)
  Clock Path Skew:        0.000ns (DCD - SCD - CPR)
    Destination Clock Delay (DCD):    1.984ns
    Source Clock Delay      (SCD):    1.472ns
    Clock Pessimism Removal (CPR):    0.512ns

    Location             Delay type                Incr(ns)  Path(ns)    Netlist Resource(s)
  -------------------------------------------------------------------    -------------------
                         (clock sys_clk_pin rise edge)
                                                      0.000     0.000 r  
    W5                                                0.000     0.000 r  clk (IN)
                         net (fo=0)                   0.000     0.000    clk
    W5                   IBUF (Prop_ibuf_I_O)         0.226     0.226 r  clk_IBUF_inst/O
                         net (fo=1, routed)           0.631     0.858    clk_IBUF
    BUFGCTRL_X0Y0        BUFG (Prop_bufg_I_O)         0.026     0.884 r  clk_IBUF_BUFG_inst/O
                         net (fo=26, routed)          0.589     1.472    CD/clk_IBUF_BUFG
    SLICE_X61Y33         FDRE                                         r  CD/count_reg[16]/C
  -------------------------------------------------------------------    -------------------
    SLICE_X61Y33         FDRE (Prop_fdre_C_Q)         0.141     1.613 r  CD/count_reg[16]/Q
                         net (fo=2, routed)           0.119     1.732    CD/count[16]
    SLICE_X61Y33         CARRY4 (Prop_carry4_S[3]_O[3])
                                                      0.108     1.840 r  CD/count0_carry__2/O[3]
                         net (fo=1, routed)           0.000     1.840    CD/data0[16]
    SLICE_X61Y33         FDRE                                         r  CD/count_reg[16]/D
  -------------------------------------------------------------------    -------------------

                         (clock sys_clk_pin rise edge)
                                                      0.000     0.000 r  
    W5                                                0.000     0.000 r  clk (IN)
                         net (fo=0)                   0.000     0.000    clk
    W5                   IBUF (Prop_ibuf_I_O)         0.414     0.414 r  clk_IBUF_inst/O
                         net (fo=1, routed)           0.685     1.099    clk_IBUF
    BUFGCTRL_X0Y0        BUFG (Prop_bufg_I_O)         0.029     1.128 r  clk_IBUF_BUFG_inst/O
                         net (fo=26, routed)          0.857     1.984    CD/clk_IBUF_BUFG
    SLICE_X61Y33         FDRE                                         r  CD/count_reg[16]/C
                         clock pessimism             -0.512     1.472    
    SLICE_X61Y33         FDRE (Hold_fdre_C_D)         0.105     1.577    CD/count_reg[16]
  -------------------------------------------------------------------
                         required time                         -1.577    
                         arrival time                           1.840    
  -------------------------------------------------------------------
                         slack                                  0.263    

Slack (MET) :             0.263ns  (arrival time - required time)
  Source:                 CD/count_reg[12]/C
                            (rising edge-triggered cell FDRE clocked by sys_clk_pin  {rise@0.000ns fall@5.000ns period=10.000ns})
  Destination:            CD/count_reg[12]/D
                            (rising edge-triggered cell FDRE clocked by sys_clk_pin  {rise@0.000ns fall@5.000ns period=10.000ns})
  Path Group:             sys_clk_pin
  Path Type:              Hold (Min at Fast Process Corner)
  Requirement:            0.000ns  (sys_clk_pin rise@0.000ns - sys_clk_pin rise@0.000ns)
  Data Path Delay:        0.368ns  (logic 0.249ns (67.612%)  route 0.119ns (32.388%))
  Logic Levels:           1  (CARRY4=1)
  Clock Path Skew:        0.000ns (DCD - SCD - CPR)
    Destination Clock Delay (DCD):    1.983ns
    Source Clock Delay      (SCD):    1.471ns
    Clock Pessimism Removal (CPR):    0.512ns

    Location             Delay type                Incr(ns)  Path(ns)    Netlist Resource(s)
  -------------------------------------------------------------------    -------------------
                         (clock sys_clk_pin rise edge)
                                                      0.000     0.000 r  
    W5                                                0.000     0.000 r  clk (IN)
                         net (fo=0)                   0.000     0.000    clk
    W5                   IBUF (Prop_ibuf_I_O)         0.226     0.226 r  clk_IBUF_inst/O
                         net (fo=1, routed)           0.631     0.858    clk_IBUF
    BUFGCTRL_X0Y0        BUFG (Prop_bufg_I_O)         0.026     0.884 r  clk_IBUF_BUFG_inst/O
                         net (fo=26, routed)          0.588     1.471    CD/clk_IBUF_BUFG
    SLICE_X61Y32         FDRE                                         r  CD/count_reg[12]/C
  -------------------------------------------------------------------    -------------------
    SLICE_X61Y32         FDRE (Prop_fdre_C_Q)         0.141     1.612 r  CD/count_reg[12]/Q
                         net (fo=2, routed)           0.119     1.731    CD/count[12]
    SLICE_X61Y32         CARRY4 (Prop_carry4_S[3]_O[3])
                                                      0.108     1.839 r  CD/count0_carry__1/O[3]
                         net (fo=1, routed)           0.000     1.839    CD/data0[12]
    SLICE_X61Y32         FDRE                                         r  CD/count_reg[12]/D
  -------------------------------------------------------------------    -------------------

                         (clock sys_clk_pin rise edge)
                                                      0.000     0.000 r  
    W5                                                0.000     0.000 r  clk (IN)
                         net (fo=0)                   0.000     0.000    clk
    W5                   IBUF (Prop_ibuf_I_O)         0.414     0.414 r  clk_IBUF_inst/O
                         net (fo=1, routed)           0.685     1.099    clk_IBUF
    BUFGCTRL_X0Y0        BUFG (Prop_bufg_I_O)         0.029     1.128 r  clk_IBUF_BUFG_inst/O
                         net (fo=26, routed)          0.856     1.983    CD/clk_IBUF_BUFG
    SLICE_X61Y32         FDRE                                         r  CD/count_reg[12]/C
                         clock pessimism             -0.512     1.471    
    SLICE_X61Y32         FDRE (Hold_fdre_C_D)         0.105     1.576    CD/count_reg[12]
  -------------------------------------------------------------------
                         required time                         -1.576    
                         arrival time                           1.839    
  -------------------------------------------------------------------
                         slack                                  0.263    

Slack (MET) :             0.263ns  (arrival time - required time)
  Source:                 CD/count_reg[20]/C
                            (rising edge-triggered cell FDRE clocked by sys_clk_pin  {rise@0.000ns fall@5.000ns period=10.000ns})
  Destination:            CD/count_reg[20]/D
                            (rising edge-triggered cell FDRE clocked by sys_clk_pin  {rise@0.000ns fall@5.000ns period=10.000ns})
  Path Group:             sys_clk_pin
  Path Type:              Hold (Min at Fast Process Corner)
  Requirement:            0.000ns  (sys_clk_pin rise@0.000ns - sys_clk_pin rise@0.000ns)
  Data Path Delay:        0.368ns  (logic 0.249ns (67.612%)  route 0.119ns (32.388%))
  Logic Levels:           1  (CARRY4=1)
  Clock Path Skew:        0.000ns (DCD - SCD - CPR)
    Destination Clock Delay (DCD):    1.985ns
    Source Clock Delay      (SCD):    1.473ns
    Clock Pessimism Removal (CPR):    0.512ns

    Location             Delay type                Incr(ns)  Path(ns)    Netlist Resource(s)
  -------------------------------------------------------------------    -------------------
                         (clock sys_clk_pin rise edge)
                                                      0.000     0.000 r  
    W5                                                0.000     0.000 r  clk (IN)
                         net (fo=0)                   0.000     0.000    clk
    W5                   IBUF (Prop_ibuf_I_O)         0.226     0.226 r  clk_IBUF_inst/O
                         net (fo=1, routed)           0.631     0.858    clk_IBUF
    BUFGCTRL_X0Y0        BUFG (Prop_bufg_I_O)         0.026     0.884 r  clk_IBUF_BUFG_inst/O
                         net (fo=26, routed)          0.590     1.473    CD/clk_IBUF_BUFG
    SLICE_X61Y34         FDRE                                         r  CD/count_reg[20]/C
  -------------------------------------------------------------------    -------------------
    SLICE_X61Y34         FDRE (Prop_fdre_C_Q)         0.141     1.614 r  CD/count_reg[20]/Q
                         net (fo=2, routed)           0.119     1.733    CD/count[20]
    SLICE_X61Y34         CARRY4 (Prop_carry4_S[3]_O[3])
                                                      0.108     1.841 r  CD/count0_carry__3/O[3]
                         net (fo=1, routed)           0.000     1.841    CD/data0[20]
    SLICE_X61Y34         FDRE                                         r  CD/count_reg[20]/D
  -------------------------------------------------------------------    -------------------

                         (clock sys_clk_pin rise edge)
                                                      0.000     0.000 r  
    W5                                                0.000     0.000 r  clk (IN)
                         net (fo=0)                   0.000     0.000    clk
    W5                   IBUF (Prop_ibuf_I_O)         0.414     0.414 r  clk_IBUF_inst/O
                         net (fo=1, routed)           0.685     1.099    clk_IBUF
    BUFGCTRL_X0Y0        BUFG (Prop_bufg_I_O)         0.029     1.128 r  clk_IBUF_BUFG_inst/O
                         net (fo=26, routed)          0.858     1.985    CD/clk_IBUF_BUFG
    SLICE_X61Y34         FDRE                                         r  CD/count_reg[20]/C
                         clock pessimism             -0.512     1.473    
    SLICE_X61Y34         FDRE (Hold_fdre_C_D)         0.105     1.578    CD/count_reg[20]
  -------------------------------------------------------------------
                         required time                         -1.578    
                         arrival time                           1.841    
  -------------------------------------------------------------------
                         slack                                  0.263    

Slack (MET) :             0.263ns  (arrival time - required time)
  Source:                 CD/count_reg[4]/C
                            (rising edge-triggered cell FDRE clocked by sys_clk_pin  {rise@0.000ns fall@5.000ns period=10.000ns})
  Destination:            CD/count_reg[4]/D
                            (rising edge-triggered cell FDRE clocked by sys_clk_pin  {rise@0.000ns fall@5.000ns period=10.000ns})
  Path Group:             sys_clk_pin
  Path Type:              Hold (Min at Fast Process Corner)
  Requirement:            0.000ns  (sys_clk_pin rise@0.000ns - sys_clk_pin rise@0.000ns)
  Data Path Delay:        0.368ns  (logic 0.249ns (67.612%)  route 0.119ns (32.388%))
  Logic Levels:           1  (CARRY4=1)
  Clock Path Skew:        0.000ns (DCD - SCD - CPR)
    Destination Clock Delay (DCD):    1.981ns
    Source Clock Delay      (SCD):    1.469ns
    Clock Pessimism Removal (CPR):    0.512ns

    Location             Delay type                Incr(ns)  Path(ns)    Netlist Resource(s)
  -------------------------------------------------------------------    -------------------
                         (clock sys_clk_pin rise edge)
                                                      0.000     0.000 r  
    W5                                                0.000     0.000 r  clk (IN)
                         net (fo=0)                   0.000     0.000    clk
    W5                   IBUF (Prop_ibuf_I_O)         0.226     0.226 r  clk_IBUF_inst/O
                         net (fo=1, routed)           0.631     0.858    clk_IBUF
    BUFGCTRL_X0Y0        BUFG (Prop_bufg_I_O)         0.026     0.884 r  clk_IBUF_BUFG_inst/O
                         net (fo=26, routed)          0.586     1.469    CD/clk_IBUF_BUFG
    SLICE_X61Y30         FDRE                                         r  CD/count_reg[4]/C
  -------------------------------------------------------------------    -------------------
    SLICE_X61Y30         FDRE (Prop_fdre_C_Q)         0.141     1.610 r  CD/count_reg[4]/Q
                         net (fo=2, routed)           0.119     1.729    CD/count[4]
    SLICE_X61Y30         CARRY4 (Prop_carry4_S[3]_O[3])
                                                      0.108     1.837 r  CD/count0_carry/O[3]
                         net (fo=1, routed)           0.000     1.837    CD/data0[4]
    SLICE_X61Y30         FDRE                                         r  CD/count_reg[4]/D
  -------------------------------------------------------------------    -------------------

                         (clock sys_clk_pin rise edge)
                                                      0.000     0.000 r  
    W5                                                0.000     0.000 r  clk (IN)
                         net (fo=0)                   0.000     0.000    clk
    W5                   IBUF (Prop_ibuf_I_O)         0.414     0.414 r  clk_IBUF_inst/O
                         net (fo=1, routed)           0.685     1.099    clk_IBUF
    BUFGCTRL_X0Y0        BUFG (Prop_bufg_I_O)         0.029     1.128 r  clk_IBUF_BUFG_inst/O
                         net (fo=26, routed)          0.854     1.981    CD/clk_IBUF_BUFG
    SLICE_X61Y30         FDRE                                         r  CD/count_reg[4]/C
                         clock pessimism             -0.512     1.469    
    SLICE_X61Y30         FDRE (Hold_fdre_C_D)         0.105     1.574    CD/count_reg[4]
  -------------------------------------------------------------------
                         required time                         -1.574    
                         arrival time                           1.837    
  -------------------------------------------------------------------
                         slack                                  0.263    

Slack (MET) :             0.263ns  (arrival time - required time)
  Source:                 CD/count_reg[8]/C
                            (rising edge-triggered cell FDRE clocked by sys_clk_pin  {rise@0.000ns fall@5.000ns period=10.000ns})
  Destination:            CD/count_reg[8]/D
                            (rising edge-triggered cell FDRE clocked by sys_clk_pin  {rise@0.000ns fall@5.000ns period=10.000ns})
  Path Group:             sys_clk_pin
  Path Type:              Hold (Min at Fast Process Corner)
  Requirement:            0.000ns  (sys_clk_pin rise@0.000ns - sys_clk_pin rise@0.000ns)
  Data Path Delay:        0.368ns  (logic 0.249ns (67.612%)  route 0.119ns (32.388%))
  Logic Levels:           1  (CARRY4=1)
  Clock Path Skew:        0.000ns (DCD - SCD - CPR)
    Destination Clock Delay (DCD):    1.982ns
    Source Clock Delay      (SCD):    1.470ns
    Clock Pessimism Removal (CPR):    0.512ns

    Location             Delay type                Incr(ns)  Path(ns)    Netlist Resource(s)
  -------------------------------------------------------------------    -------------------
                         (clock sys_clk_pin rise edge)
                                                      0.000     0.000 r  
    W5                                                0.000     0.000 r  clk (IN)
                         net (fo=0)                   0.000     0.000    clk
    W5                   IBUF (Prop_ibuf_I_O)         0.226     0.226 r  clk_IBUF_inst/O
                         net (fo=1, routed)           0.631     0.858    clk_IBUF
    BUFGCTRL_X0Y0        BUFG (Prop_bufg_I_O)         0.026     0.884 r  clk_IBUF_BUFG_inst/O
                         net (fo=26, routed)          0.587     1.470    CD/clk_IBUF_BUFG
    SLICE_X61Y31         FDRE                                         r  CD/count_reg[8]/C
  -------------------------------------------------------------------    -------------------
    SLICE_X61Y31         FDRE (Prop_fdre_C_Q)         0.141     1.611 r  CD/count_reg[8]/Q
                         net (fo=2, routed)           0.119     1.730    CD/count[8]
    SLICE_X61Y31         CARRY4 (Prop_carry4_S[3]_O[3])
                                                      0.108     1.838 r  CD/count0_carry__0/O[3]
                         net (fo=1, routed)           0.000     1.838    CD/data0[8]
    SLICE_X61Y31         FDRE                                         r  CD/count_reg[8]/D
  -------------------------------------------------------------------    -------------------

                         (clock sys_clk_pin rise edge)
                                                      0.000     0.000 r  
    W5                                                0.000     0.000 r  clk (IN)
                         net (fo=0)                   0.000     0.000    clk
    W5                   IBUF (Prop_ibuf_I_O)         0.414     0.414 r  clk_IBUF_inst/O
                         net (fo=1, routed)           0.685     1.099    clk_IBUF
    BUFGCTRL_X0Y0        BUFG (Prop_bufg_I_O)         0.029     1.128 r  clk_IBUF_BUFG_inst/O
                         net (fo=26, routed)          0.855     1.982    CD/clk_IBUF_BUFG
    SLICE_X61Y31         FDRE                                         r  CD/count_reg[8]/C
                         clock pessimism             -0.512     1.470    
    SLICE_X61Y31         FDRE (Hold_fdre_C_D)         0.105     1.575    CD/count_reg[8]
  -------------------------------------------------------------------
                         required time                         -1.575    
                         arrival time                           1.838    
  -------------------------------------------------------------------
                         slack                                  0.263    

Slack (MET) :             0.263ns  (arrival time - required time)
  Source:                 CD/count_reg[24]/C
                            (rising edge-triggered cell FDRE clocked by sys_clk_pin  {rise@0.000ns fall@5.000ns period=10.000ns})
  Destination:            CD/count_reg[24]/D
                            (rising edge-triggered cell FDRE clocked by sys_clk_pin  {rise@0.000ns fall@5.000ns period=10.000ns})
  Path Group:             sys_clk_pin
  Path Type:              Hold (Min at Fast Process Corner)
  Requirement:            0.000ns  (sys_clk_pin rise@0.000ns - sys_clk_pin rise@0.000ns)
  Data Path Delay:        0.368ns  (logic 0.249ns (67.612%)  route 0.119ns (32.388%))
  Logic Levels:           1  (CARRY4=1)
  Clock Path Skew:        0.000ns (DCD - SCD - CPR)
    Destination Clock Delay (DCD):    1.986ns
    Source Clock Delay      (SCD):    1.473ns
    Clock Pessimism Removal (CPR):    0.513ns

    Location             Delay type                Incr(ns)  Path(ns)    Netlist Resource(s)
  -------------------------------------------------------------------    -------------------
                         (clock sys_clk_pin rise edge)
                                                      0.000     0.000 r  
    W5                                                0.000     0.000 r  clk (IN)
                         net (fo=0)                   0.000     0.000    clk
    W5                   IBUF (Prop_ibuf_I_O)         0.226     0.226 r  clk_IBUF_inst/O
                         net (fo=1, routed)           0.631     0.858    clk_IBUF
    BUFGCTRL_X0Y0        BUFG (Prop_bufg_I_O)         0.026     0.884 r  clk_IBUF_BUFG_inst/O
                         net (fo=26, routed)          0.590     1.473    CD/clk_IBUF_BUFG
    SLICE_X61Y35         FDRE                                         r  CD/count_reg[24]/C
  -------------------------------------------------------------------    -------------------
    SLICE_X61Y35         FDRE (Prop_fdre_C_Q)         0.141     1.614 r  CD/count_reg[24]/Q
                         net (fo=2, routed)           0.119     1.733    CD/count[24]
    SLICE_X61Y35         CARRY4 (Prop_carry4_S[3]_O[3])
                                                      0.108     1.841 r  CD/count0_carry__4/O[3]
                         net (fo=1, routed)           0.000     1.841    CD/data0[24]
    SLICE_X61Y35         FDRE                                         r  CD/count_reg[24]/D
  -------------------------------------------------------------------    -------------------

                         (clock sys_clk_pin rise edge)
                                                      0.000     0.000 r  
    W5                                                0.000     0.000 r  clk (IN)
                         net (fo=0)                   0.000     0.000    clk
    W5                   IBUF (Prop_ibuf_I_O)         0.414     0.414 r  clk_IBUF_inst/O
                         net (fo=1, routed)           0.685     1.099    clk_IBUF
    BUFGCTRL_X0Y0        BUFG (Prop_bufg_I_O)         0.029     1.128 r  clk_IBUF_BUFG_inst/O
                         net (fo=26, routed)          0.859     1.986    CD/clk_IBUF_BUFG
    SLICE_X61Y35         FDRE                                         r  CD/count_reg[24]/C
                         clock pessimism             -0.513     1.473    
    SLICE_X61Y35         FDRE (Hold_fdre_C_D)         0.105     1.578    CD/count_reg[24]
  -------------------------------------------------------------------
                         required time                         -1.578    
                         arrival time                           1.841    
  -------------------------------------------------------------------
                         slack                                  0.263    

Slack (MET) :             0.267ns  (arrival time - required time)
  Source:                 CD/count_reg[13]/C
                            (rising edge-triggered cell FDRE clocked by sys_clk_pin  {rise@0.000ns fall@5.000ns period=10.000ns})
  Destination:            CD/count_reg[13]/D
                            (rising edge-triggered cell FDRE clocked by sys_clk_pin  {rise@0.000ns fall@5.000ns period=10.000ns})
  Path Group:             sys_clk_pin
  Path Type:              Hold (Min at Fast Process Corner)
  Requirement:            0.000ns  (sys_clk_pin rise@0.000ns - sys_clk_pin rise@0.000ns)
  Data Path Delay:        0.372ns  (logic 0.256ns (68.766%)  route 0.116ns (31.234%))
  Logic Levels:           1  (CARRY4=1)
  Clock Path Skew:        0.000ns (DCD - SCD - CPR)
    Destination Clock Delay (DCD):    1.984ns
    Source Clock Delay      (SCD):    1.472ns
    Clock Pessimism Removal (CPR):    0.512ns

    Location             Delay type                Incr(ns)  Path(ns)    Netlist Resource(s)
  -------------------------------------------------------------------    -------------------
                         (clock sys_clk_pin rise edge)
                                                      0.000     0.000 r  
    W5                                                0.000     0.000 r  clk (IN)
                         net (fo=0)                   0.000     0.000    clk
    W5                   IBUF (Prop_ibuf_I_O)         0.226     0.226 r  clk_IBUF_inst/O
                         net (fo=1, routed)           0.631     0.858    clk_IBUF
    BUFGCTRL_X0Y0        BUFG (Prop_bufg_I_O)         0.026     0.884 r  clk_IBUF_BUFG_inst/O
                         net (fo=26, routed)          0.589     1.472    CD/clk_IBUF_BUFG
    SLICE_X61Y33         FDRE                                         r  CD/count_reg[13]/C
  -------------------------------------------------------------------    -------------------
    SLICE_X61Y33         FDRE (Prop_fdre_C_Q)         0.141     1.613 r  CD/count_reg[13]/Q
                         net (fo=2, routed)           0.116     1.729    CD/count[13]
    SLICE_X61Y33         CARRY4 (Prop_carry4_S[0]_O[0])
                                                      0.115     1.844 r  CD/count0_carry__2/O[0]
                         net (fo=1, routed)           0.000     1.844    CD/data0[13]
    SLICE_X61Y33         FDRE                                         r  CD/count_reg[13]/D
  -------------------------------------------------------------------    -------------------

                         (clock sys_clk_pin rise edge)
                                                      0.000     0.000 r  
    W5                                                0.000     0.000 r  clk (IN)
                         net (fo=0)                   0.000     0.000    clk
    W5                   IBUF (Prop_ibuf_I_O)         0.414     0.414 r  clk_IBUF_inst/O
                         net (fo=1, routed)           0.685     1.099    clk_IBUF
    BUFGCTRL_X0Y0        BUFG (Prop_bufg_I_O)         0.029     1.128 r  clk_IBUF_BUFG_inst/O
                         net (fo=26, routed)          0.857     1.984    CD/clk_IBUF_BUFG
    SLICE_X61Y33         FDRE                                         r  CD/count_reg[13]/C
                         clock pessimism             -0.512     1.472    
    SLICE_X61Y33         FDRE (Hold_fdre_C_D)         0.105     1.577    CD/count_reg[13]
  -------------------------------------------------------------------
                         required time                         -1.577    
                         arrival time                           1.844    
  -------------------------------------------------------------------
                         slack                                  0.267    

Slack (MET) :             0.267ns  (arrival time - required time)
  Source:                 CD/count_reg[17]/C
                            (rising edge-triggered cell FDRE clocked by sys_clk_pin  {rise@0.000ns fall@5.000ns period=10.000ns})
  Destination:            CD/count_reg[17]/D
                            (rising edge-triggered cell FDRE clocked by sys_clk_pin  {rise@0.000ns fall@5.000ns period=10.000ns})
  Path Group:             sys_clk_pin
  Path Type:              Hold (Min at Fast Process Corner)
  Requirement:            0.000ns  (sys_clk_pin rise@0.000ns - sys_clk_pin rise@0.000ns)
  Data Path Delay:        0.372ns  (logic 0.256ns (68.766%)  route 0.116ns (31.234%))
  Logic Levels:           1  (CARRY4=1)
  Clock Path Skew:        0.000ns (DCD - SCD - CPR)
    Destination Clock Delay (DCD):    1.985ns
    Source Clock Delay      (SCD):    1.473ns
    Clock Pessimism Removal (CPR):    0.512ns

    Location             Delay type                Incr(ns)  Path(ns)    Netlist Resource(s)
  -------------------------------------------------------------------    -------------------
                         (clock sys_clk_pin rise edge)
                                                      0.000     0.000 r  
    W5                                                0.000     0.000 r  clk (IN)
                         net (fo=0)                   0.000     0.000    clk
    W5                   IBUF (Prop_ibuf_I_O)         0.226     0.226 r  clk_IBUF_inst/O
                         net (fo=1, routed)           0.631     0.858    clk_IBUF
    BUFGCTRL_X0Y0        BUFG (Prop_bufg_I_O)         0.026     0.884 r  clk_IBUF_BUFG_inst/O
                         net (fo=26, routed)          0.590     1.473    CD/clk_IBUF_BUFG
    SLICE_X61Y34         FDRE                                         r  CD/count_reg[17]/C
  -------------------------------------------------------------------    -------------------
    SLICE_X61Y34         FDRE (Prop_fdre_C_Q)         0.141     1.614 r  CD/count_reg[17]/Q
                         net (fo=2, routed)           0.116     1.730    CD/count[17]
    SLICE_X61Y34         CARRY4 (Prop_carry4_S[0]_O[0])
                                                      0.115     1.845 r  CD/count0_carry__3/O[0]
                         net (fo=1, routed)           0.000     1.845    CD/data0[17]
    SLICE_X61Y34         FDRE                                         r  CD/count_reg[17]/D
  -------------------------------------------------------------------    -------------------

                         (clock sys_clk_pin rise edge)
                                                      0.000     0.000 r  
    W5                                                0.000     0.000 r  clk (IN)
                         net (fo=0)                   0.000     0.000    clk
    W5                   IBUF (Prop_ibuf_I_O)         0.414     0.414 r  clk_IBUF_inst/O
                         net (fo=1, routed)           0.685     1.099    clk_IBUF
    BUFGCTRL_X0Y0        BUFG (Prop_bufg_I_O)         0.029     1.128 r  clk_IBUF_BUFG_inst/O
                         net (fo=26, routed)          0.858     1.985    CD/clk_IBUF_BUFG
    SLICE_X61Y34         FDRE                                         r  CD/count_reg[17]/C
                         clock pessimism             -0.512     1.473    
    SLICE_X61Y34         FDRE (Hold_fdre_C_D)         0.105     1.578    CD/count_reg[17]
  -------------------------------------------------------------------
                         required time                         -1.578    
                         arrival time                           1.845    
  -------------------------------------------------------------------
                         slack                                  0.267    

Slack (MET) :             0.267ns  (arrival time - required time)
  Source:                 CD/count_reg[5]/C
                            (rising edge-triggered cell FDRE clocked by sys_clk_pin  {rise@0.000ns fall@5.000ns period=10.000ns})
  Destination:            CD/count_reg[5]/D
                            (rising edge-triggered cell FDRE clocked by sys_clk_pin  {rise@0.000ns fall@5.000ns period=10.000ns})
  Path Group:             sys_clk_pin
  Path Type:              Hold (Min at Fast Process Corner)
  Requirement:            0.000ns  (sys_clk_pin rise@0.000ns - sys_clk_pin rise@0.000ns)
  Data Path Delay:        0.372ns  (logic 0.256ns (68.766%)  route 0.116ns (31.234%))
  Logic Levels:           1  (CARRY4=1)
  Clock Path Skew:        0.000ns (DCD - SCD - CPR)
    Destination Clock Delay (DCD):    1.982ns
    Source Clock Delay      (SCD):    1.470ns
    Clock Pessimism Removal (CPR):    0.512ns

    Location             Delay type                Incr(ns)  Path(ns)    Netlist Resource(s)
  -------------------------------------------------------------------    -------------------
                         (clock sys_clk_pin rise edge)
                                                      0.000     0.000 r  
    W5                                                0.000     0.000 r  clk (IN)
                         net (fo=0)                   0.000     0.000    clk
    W5                   IBUF (Prop_ibuf_I_O)         0.226     0.226 r  clk_IBUF_inst/O
                         net (fo=1, routed)           0.631     0.858    clk_IBUF
    BUFGCTRL_X0Y0        BUFG (Prop_bufg_I_O)         0.026     0.884 r  clk_IBUF_BUFG_inst/O
                         net (fo=26, routed)          0.587     1.470    CD/clk_IBUF_BUFG
    SLICE_X61Y31         FDRE                                         r  CD/count_reg[5]/C
  -------------------------------------------------------------------    -------------------
    SLICE_X61Y31         FDRE (Prop_fdre_C_Q)         0.141     1.611 r  CD/count_reg[5]/Q
                         net (fo=2, routed)           0.116     1.727    CD/count[5]
    SLICE_X61Y31         CARRY4 (Prop_carry4_S[0]_O[0])
                                                      0.115     1.842 r  CD/count0_carry__0/O[0]
                         net (fo=1, routed)           0.000     1.842    CD/data0[5]
    SLICE_X61Y31         FDRE                                         r  CD/count_reg[5]/D
  -------------------------------------------------------------------    -------------------

                         (clock sys_clk_pin rise edge)
                                                      0.000     0.000 r  
    W5                                                0.000     0.000 r  clk (IN)
                         net (fo=0)                   0.000     0.000    clk
    W5                   IBUF (Prop_ibuf_I_O)         0.414     0.414 r  clk_IBUF_inst/O
                         net (fo=1, routed)           0.685     1.099    clk_IBUF
    BUFGCTRL_X0Y0        BUFG (Prop_bufg_I_O)         0.029     1.128 r  clk_IBUF_BUFG_inst/O
                         net (fo=26, routed)          0.855     1.982    CD/clk_IBUF_BUFG
    SLICE_X61Y31         FDRE                                         r  CD/count_reg[5]/C
                         clock pessimism             -0.512     1.470    
    SLICE_X61Y31         FDRE (Hold_fdre_C_D)         0.105     1.575    CD/count_reg[5]
  -------------------------------------------------------------------
                         required time                         -1.575    
                         arrival time                           1.842    
  -------------------------------------------------------------------
                         slack                                  0.267    

Slack (MET) :             0.267ns  (arrival time - required time)
  Source:                 CD/count_reg[9]/C
                            (rising edge-triggered cell FDRE clocked by sys_clk_pin  {rise@0.000ns fall@5.000ns period=10.000ns})
  Destination:            CD/count_reg[9]/D
                            (rising edge-triggered cell FDRE clocked by sys_clk_pin  {rise@0.000ns fall@5.000ns period=10.000ns})
  Path Group:             sys_clk_pin
  Path Type:              Hold (Min at Fast Process Corner)
  Requirement:            0.000ns  (sys_clk_pin rise@0.000ns - sys_clk_pin rise@0.000ns)
  Data Path Delay:        0.372ns  (logic 0.256ns (68.766%)  route 0.116ns (31.234%))
  Logic Levels:           1  (CARRY4=1)
  Clock Path Skew:        0.000ns (DCD - SCD - CPR)
    Destination Clock Delay (DCD):    1.983ns
    Source Clock Delay      (SCD):    1.471ns
    Clock Pessimism Removal (CPR):    0.512ns

    Location             Delay type                Incr(ns)  Path(ns)    Netlist Resource(s)
  -------------------------------------------------------------------    -------------------
                         (clock sys_clk_pin rise edge)
                                                      0.000     0.000 r  
    W5                                                0.000     0.000 r  clk (IN)
                         net (fo=0)                   0.000     0.000    clk
    W5                   IBUF (Prop_ibuf_I_O)         0.226     0.226 r  clk_IBUF_inst/O
                         net (fo=1, routed)           0.631     0.858    clk_IBUF
    BUFGCTRL_X0Y0        BUFG (Prop_bufg_I_O)         0.026     0.884 r  clk_IBUF_BUFG_inst/O
                         net (fo=26, routed)          0.588     1.471    CD/clk_IBUF_BUFG
    SLICE_X61Y32         FDRE                                         r  CD/count_reg[9]/C
  -------------------------------------------------------------------    -------------------
    SLICE_X61Y32         FDRE (Prop_fdre_C_Q)         0.141     1.612 r  CD/count_reg[9]/Q
                         net (fo=2, routed)           0.116     1.728    CD/count[9]
    SLICE_X61Y32         CARRY4 (Prop_carry4_S[0]_O[0])
                                                      0.115     1.843 r  CD/count0_carry__1/O[0]
                         net (fo=1, routed)           0.000     1.843    CD/data0[9]
    SLICE_X61Y32         FDRE                                         r  CD/count_reg[9]/D
  -------------------------------------------------------------------    -------------------

                         (clock sys_clk_pin rise edge)
                                                      0.000     0.000 r  
    W5                                                0.000     0.000 r  clk (IN)
                         net (fo=0)                   0.000     0.000    clk
    W5                   IBUF (Prop_ibuf_I_O)         0.414     0.414 r  clk_IBUF_inst/O
                         net (fo=1, routed)           0.685     1.099    clk_IBUF
    BUFGCTRL_X0Y0        BUFG (Prop_bufg_I_O)         0.029     1.128 r  clk_IBUF_BUFG_inst/O
                         net (fo=26, routed)          0.856     1.983    CD/clk_IBUF_BUFG
    SLICE_X61Y32         FDRE                                         r  CD/count_reg[9]/C
                         clock pessimism             -0.512     1.471    
    SLICE_X61Y32         FDRE (Hold_fdre_C_D)         0.105     1.576    CD/count_reg[9]
  -------------------------------------------------------------------
                         required time                         -1.576    
                         arrival time                           1.843    
  -------------------------------------------------------------------
                         slack                                  0.267    





Pulse Width Checks
--------------------------------------------------------------------------------------
Clock Name:         sys_clk_pin
Waveform(ns):       { 0.000 5.000 }
Period(ns):         10.000
Sources:            { clk }

Check Type        Corner  Lib Pin  Reference Pin  Required(ns)  Actual(ns)  Slack(ns)  Location       Pin
Min Period        n/a     BUFG/I   n/a            2.155         10.000      7.845      BUFGCTRL_X0Y0  clk_IBUF_BUFG_inst/I
Min Period        n/a     FDRE/C   n/a            1.000         10.000      9.000      SLICE_X60Y29   CD/clkout_reg/C
Min Period        n/a     FDRE/C   n/a            1.000         10.000      9.000      SLICE_X60Y29   CD/count_reg[0]/C
Min Period        n/a     FDRE/C   n/a            1.000         10.000      9.000      SLICE_X61Y32   CD/count_reg[10]/C
Min Period        n/a     FDRE/C   n/a            1.000         10.000      9.000      SLICE_X61Y32   CD/count_reg[11]/C
Min Period        n/a     FDRE/C   n/a            1.000         10.000      9.000      SLICE_X61Y32   CD/count_reg[12]/C
Min Period        n/a     FDRE/C   n/a            1.000         10.000      9.000      SLICE_X61Y33   CD/count_reg[13]/C
Min Period        n/a     FDRE/C   n/a            1.000         10.000      9.000      SLICE_X61Y33   CD/count_reg[14]/C
Min Period        n/a     FDRE/C   n/a            1.000         10.000      9.000      SLICE_X61Y33   CD/count_reg[15]/C
Min Period        n/a     FDRE/C   n/a            1.000         10.000      9.000      SLICE_X61Y33   CD/count_reg[16]/C
Low Pulse Width   Slow    FDRE/C   n/a            0.500         5.000       4.500      SLICE_X60Y29   CD/clkout_reg/C
Low Pulse Width   Slow    FDRE/C   n/a            0.500         5.000       4.500      SLICE_X60Y29   CD/count_reg[0]/C
Low Pulse Width   Slow    FDRE/C   n/a            0.500         5.000       4.500      SLICE_X61Y30   CD/count_reg[1]/C
Low Pulse Width   Slow    FDRE/C   n/a            0.500         5.000       4.500      SLICE_X61Y30   CD/count_reg[2]/C
Low Pulse Width   Slow    FDRE/C   n/a            0.500         5.000       4.500      SLICE_X61Y30   CD/count_reg[3]/C
Low Pulse Width   Slow    FDRE/C   n/a            0.500         5.000       4.500      SLICE_X61Y30   CD/count_reg[4]/C
Low Pulse Width   Fast    FDRE/C   n/a            0.500         5.000       4.500      SLICE_X60Y29   CD/clkout_reg/C
Low Pulse Width   Fast    FDRE/C   n/a            0.500         5.000       4.500      SLICE_X60Y29   CD/count_reg[0]/C
Low Pulse Width   Fast    FDRE/C   n/a            0.500         5.000       4.500      SLICE_X61Y33   CD/count_reg[13]/C
Low Pulse Width   Fast    FDRE/C   n/a            0.500         5.000       4.500      SLICE_X61Y33   CD/count_reg[14]/C
High Pulse Width  Slow    FDRE/C   n/a            0.500         5.000       4.500      SLICE_X61Y32   CD/count_reg[10]/C
High Pulse Width  Slow    FDRE/C   n/a            0.500         5.000       4.500      SLICE_X61Y32   CD/count_reg[11]/C
High Pulse Width  Slow    FDRE/C   n/a            0.500         5.000       4.500      SLICE_X61Y32   CD/count_reg[12]/C
High Pulse Width  Slow    FDRE/C   n/a            0.500         5.000       4.500      SLICE_X61Y33   CD/count_reg[13]/C
High Pulse Width  Slow    FDRE/C   n/a            0.500         5.000       4.500      SLICE_X61Y33   CD/count_reg[14]/C
High Pulse Width  Slow    FDRE/C   n/a            0.500         5.000       4.500      SLICE_X61Y33   CD/count_reg[15]/C
High Pulse Width  Slow    FDRE/C   n/a            0.500         5.000       4.500      SLICE_X61Y33   CD/count_reg[16]/C
High Pulse Width  Slow    FDRE/C   n/a            0.500         5.000       4.500      SLICE_X61Y34   CD/count_reg[17]/C
High Pulse Width  Fast    FDRE/C   n/a            0.500         5.000       4.500      SLICE_X61Y34   CD/count_reg[17]/C
High Pulse Width  Slow    FDRE/C   n/a            0.500         5.000       4.500      SLICE_X61Y34   CD/count_reg[18]/C



